<html>
<body>
<pre>
<h1>µVision Build Log</h1>
<h2>Tool Versions:</h2>
IDE-Version: ¦ÌVision V5.23.0.0
Copyright (C) 2017 ARM Ltd and ARM Germany GmbH. All rights reserved.
License Information: zhangzheng Microsoft, Microsoft, LIC=FYKHL-0U96D-Z7ARU-SYV8A-GQ969-WX0GP
 
Tool Versions:
Toolchain:       MDK-ARM Plus  Version: 5.23
Toolchain Path:  C:\Keil_v5\ARM\ARMCC\Bin
C Compiler:      Armcc.exe V5.06 update 4 (build 422)
Assembler:       Armasm.exe V5.06 update 4 (build 422)
Linker/Locator:  ArmLink.exe V5.06 update 4 (build 422)
Library Manager: ArmAr.exe V5.06 update 4 (build 422)
Hex Converter:   FromElf.exe V5.06 update 4 (build 422)
CPU DLL:         SARMCM3.DLL V5.23
Dialog DLL:      DRAMSTM.DLL
Target DLL:      Segger\JL2CM3.dll V2.99.23.0
Dialog DLL:      DRAMSTM.DLL
 
<h2>Project:</h2>
E:\XXXXXXXXXXXXXXXXX\Template-ku\USER\Template.uvprojx
Project File Date:  09/09/2017

<h2>Output:</h2>
*** Using Compiler 'V5.06 update 4 (build 422)', folder: 'C:\Keil_v5\ARM\ARMCC\Bin'
Build target 'Template'
compiling main.c...
..\..\Template-ku\ziku.h(64): warning:  #1-D: last line of file ends without a newline
  };
main.c(501): warning:  #177-D: variable "pic1"  was declared but never referenced
  unsigned char pic1[72]={
main.c(509): warning:  #177-D: variable "pic0"  was declared but never referenced
  unsigned char pic0[72]={00,0x00,0x00,0x00,0x00,0x00,0x00,0x00,0x00,0x00,0x18,0x00,0x00,0x18,0x00,0x00,
main.c(515): warning:  #177-D: variable "test"  was declared but never referenced
  unsigned char test[]={
main.c(524): warning:  #177-D: variable "yong"  was declared but never referenced
  unsigned char yong[]={
main.c(534): warning:  #177-D: variable "mu"  was declared but never referenced
  unsigned char mu[]={
main.c(543): warning:  #177-D: variable "tou"  was declared but never referenced
  unsigned char tou[]={
main.c: 7 warnings, 0 errors
linking...
Program Size: Code=2740 RO-data=844 RW-data=12 ZI-data=1836  
FromELF: creating hex file...
"..\OBJ\Template.axf" - 0 Error(s), 7 Warning(s).

<h2>Collection of Component include folders:</h2>
  .\RTE\_Template
  C:\Keil_v5\ARM\PACK\Keil\STM32F1xx_DFP\2.2.0\Device\Include

<h2>Collection of Component Files used:</h2>
Build Time Elapsed:  00:00:01
</pre>
</body>
</html>
